2025-04-10 13:03:02 INFO  UserTests:48 - ***********  Creating User   ************
2025-04-10 13:03:06 INFO  UserTests:55 - ***********  User is created   ************
2025-04-10 13:03:07 INFO  UserTests:62 - ***********  getting User  information  ************
2025-04-10 13:03:09 INFO  UserTests:84 - ***********  Displaying User information ************
2025-04-10 13:03:09 INFO  UserTests:94 - ***********  Updating User Information   ************
2025-04-10 13:03:10 INFO  UserTests:102 - ***********   User Information is updated  ************
2025-04-10 13:10:06 INFO  UserTests:48 - ***********  Creating User   ************
2025-04-10 13:10:10 INFO  UserTests:55 - ***********  User is created   ************
2025-04-10 13:10:10 INFO  UserTests:62 - ***********  getting User  information  ************
2025-04-10 13:10:12 INFO  UserTests:84 - ***********  Displaying User information ************
2025-04-10 13:10:12 INFO  UserTests:94 - ***********  Updating User Information   ************
2025-04-10 13:10:12 INFO  UserTests:102 - ***********   User Information is updated  ************
2025-04-10 15:29:52 INFO  UserTests2:49 - ***********  Creating User   ************
2025-04-10 15:29:56 INFO  UserTests2:56 - ***********  User is created   ************
2025-04-10 15:29:56 INFO  UserTests2:63 - ***********  getting User  information  ************
2025-04-10 15:29:57 INFO  UserTests2:85 - ***********  Displaying User information ************
2025-04-10 15:29:57 INFO  UserTests2:95 - ***********  Updating User Information   ************
2025-04-10 15:29:58 INFO  UserTests2:103 - ***********   User Information is updated  ************
2025-04-10 16:20:31 INFO  UserTests2:49 - ***********  Creating User   ************
2025-04-10 16:20:36 INFO  UserTests2:56 - ***********  User is created   ************
2025-04-10 16:20:36 INFO  UserTests2:63 - ***********  getting User  information  ************
2025-04-10 16:20:36 INFO  UserTests2:85 - ***********  Displaying User information ************
2025-04-10 16:20:36 INFO  UserTests2:95 - ***********  Updating User Information   ************
2025-04-10 16:20:37 INFO  UserTests2:103 - ***********   User Information is updated  ************
2025-04-10 16:53:11 INFO  UserTests2:49 - ***********  Creating User   ************
2025-04-10 16:53:16 INFO  UserTests2:56 - ***********  User is created   ************
2025-04-10 16:53:16 INFO  UserTests2:63 - ***********  getting User  information  ************
2025-04-10 16:53:19 INFO  UserTests2:85 - ***********  Displaying User information ************
2025-04-10 16:53:19 INFO  UserTests2:95 - ***********  Updating User Information   ************
2025-04-10 16:53:19 INFO  UserTests2:103 - ***********   User Information is updated  ************
